// Jest Snapshot v1, https://goo.gl/fbAQLP

exports[`Button Component renders 1`] = `
<button
  className="medium secondary css-15alze4-Button"
  onClick={[MockFunction]}
  style={
    Object {
      "backgroundColor": "red",
    }
  }
  type="button"
>
  ButtonTest
</button>
`;
